Precompiling packages...
   3247.0 ms  ✓ UUIDs
   3120.0 ms  ✓ Unicode
   2648.0 ms  ✓ Zlib_jll
   1465.0 ms  ✓ Printf
   2121.0 ms  ✓ CodecZlib
   3831.0 ms  ✓ Dates
   1411.0 ms  ✓ TOML
   3101.0 ms  ✓ SentinelArrays
   2456.2 ms  ✓ Preferences
   2721.1 ms  ✓ Compat
   1435.0 ms  ✓ Compat → CompatLinearAlgebraExt
   2199.1 ms  ✓ PrecompileTools
   3613.5 ms  ✓ FilePathsBase
   3771.0 ms  ✓ FilePathsBase → FilePathsBaseMmapExt
  31448.0 ms  ✓ Parsers
   3200.0 ms  ✓ InlineStrings → ParsersExt
   3063.0 ms  ✓ WeakRefStrings
  29081.0 ms  ✓ CSV
  18 dependencies successfully precompiled in 90 seconds. 12 already precompiled.
Precompiling packages...
   6052.0 ms  ✓ Serialization
   4475.0 ms  ✓ Base64
   8307.0 ms  ✓ StringManipulation
  14337.0 ms  ✓ SparseArrays
  34723.1 ms  ✓ Markdown
   3235.0 ms  ✓ InteractiveUtils
  61012.0 ms  ✓ REPL
  42155.0 ms  ✓ PrettyTables
  66687.0 ms  ✓ DataFrames
  9 dependencies successfully precompiled in 224 seconds. 28 already precompiled.
